Beginning execution at 0x0100
Y86 CPU state:
  %rip: 0000000000000000   flags: Z0 S0 O0     HLT
  %rax: fedcba9876543210    %rcx: fedcba9876543210
  %rdx: 0123456789abcdef    %rbx: 0000000000000200
  %rsp: 0000000000000000    %rbp: 0000000000000000
  %rsi: 0000000000000000    %rdi: 0000000000000000
   %r8: 0000000000000000     %r9: 0000000000000000
  %r10: 0000000000000000    %r11: 0000000000000000
  %r12: 0000000000000000    %r13: 0000000000000000
  %r14: 0000000000000000
Total execution count: 6
